this is the test.log file for delete testcase!
